// Jest Snapshot v1, https://goo.gl/fbAQLP

exports[`Dialog displays \`Dialog\` with dialogContentProps 1`] = `null`;
