// Jest Snapshot v1, https://goo.gl/fbAQLP

exports[`Panel displays  \`Foo\` as headerText 1`] = `null`;
