// Jest Snapshot v1, https://goo.gl/fbAQLP

exports[`Login displays correctly 1`] = `
ShallowWrapper {
  "length": 1,
  Symbol(enzyme.__root__): [Circular],
  Symbol(enzyme.__unrendered__): <StyledCustomizedLogin
    actions={
      Object {
        "loginAsync": [Function],
        "logout": [Function],
      }
    }
    locale="en"
    modules={
      Array [
        Object {
          "Id": "rm",
          "Name": "Record Management",
        },
        Object {
          "Id": "mm",
          "Name": "Meeting Module",
        },
        Object {
          "Id": "sa",
          "Name": "System administration",
        },
        Object {
          "Id": "eb",
          "Name": "eBuildingCase",
        },
      ]
    }
    paths={
      Object {
        "applicationPath": "http://127.0.0.1:5000",
        "baseUrl": "http://127.0.0.1:5000",
      }
    }
    tenants={
      Array [
        Object {
          "Description": "ELEMENTS UTVIKLING (SQL)",
          "Id": "GECKO-EPHORTE-V6_SQL_EPH_V6_U",
        },
      ]
    }
  />,
  Symbol(enzyme.__renderer__): Object {
    "batchedUpdates": [Function],
    "getNode": [Function],
    "render": [Function],
    "simulateEvent": [Function],
    "unmount": [Function],
  },
  Symbol(enzyme.__node__): Object {
    "instance": null,
    "key": undefined,
    "nodeType": "class",
    "props": Object {
      "actions": Object {
        "loginAsync": [Function],
        "logout": [Function],
      },
      "locale": "en",
      "modules": Array [
        Object {
          "Id": "rm",
          "Name": "Record Management",
        },
        Object {
          "Id": "mm",
          "Name": "Meeting Module",
        },
        Object {
          "Id": "sa",
          "Name": "System administration",
        },
        Object {
          "Id": "eb",
          "Name": "eBuildingCase",
        },
      ],
      "paths": Object {
        "applicationPath": "http://127.0.0.1:5000",
        "baseUrl": "http://127.0.0.1:5000",
      },
      "styles": [Function],
      "tenants": Array [
        Object {
          "Description": "ELEMENTS UTVIKLING (SQL)",
          "Id": "GECKO-EPHORTE-V6_SQL_EPH_V6_U",
        },
      ],
    },
    "ref": null,
    "rendered": null,
    "type": [Function],
  },
  Symbol(enzyme.__nodes__): Array [
    Object {
      "instance": null,
      "key": undefined,
      "nodeType": "class",
      "props": Object {
        "actions": Object {
          "loginAsync": [Function],
          "logout": [Function],
        },
        "locale": "en",
        "modules": Array [
          Object {
            "Id": "rm",
            "Name": "Record Management",
          },
          Object {
            "Id": "mm",
            "Name": "Meeting Module",
          },
          Object {
            "Id": "sa",
            "Name": "System administration",
          },
          Object {
            "Id": "eb",
            "Name": "eBuildingCase",
          },
        ],
        "paths": Object {
          "applicationPath": "http://127.0.0.1:5000",
          "baseUrl": "http://127.0.0.1:5000",
        },
        "styles": [Function],
        "tenants": Array [
          Object {
            "Description": "ELEMENTS UTVIKLING (SQL)",
            "Id": "GECKO-EPHORTE-V6_SQL_EPH_V6_U",
          },
        ],
      },
      "ref": null,
      "rendered": null,
      "type": [Function],
    },
  ],
  Symbol(enzyme.__options__): Object {
    "adapter": ReactSixteenAdapter {
      "options": Object {
        "enableComponentDidUpdateOnSetState": true,
      },
    },
  },
}
`;
