// Jest Snapshot v1, https://goo.gl/fbAQLP

exports[`Items displays correctly 1`] = `
<Styled(Well)
  bsSize="sm"
  className="eui-items"
>
  <ul
    className="eui-items__list"
  >
    <li
      className="eui-items__list__item"
      key="0"
    >
      <button
        className="eui-items__list__item__remove"
        onClick={[Function]}
        type="button"
      >
        Ã—
      </button>
      <span>
        test item
      </span>
    </li>
  </ul>
</Styled(Well)>
`;
