// Jest Snapshot v1, https://goo.gl/fbAQLP

exports[`Link displays \`evry.com\` as href 1`] = `
<a
  aria-disabled={undefined}
  className="ms-Link root-32"
  href="evry.com"
  onClick={[Function]}
  target={undefined}
/>
`;
