// Jest Snapshot v1, https://goo.gl/fbAQLP

exports[`RichText renders as expected 1`] = `
<div
  id="richText"
/>
`;
