// Jest Snapshot v1, https://goo.gl/fbAQLP

exports[`LanguagePicker displays correctly 1`] = `
ShallowWrapper {
  "length": 1,
  Symbol(enzyme.__root__): [Circular],
  Symbol(enzyme.__unrendered__): <StyledCustomizedLanguagePicker
    defaultLanguage="en"
    id="testLanguagePicker"
    languageCodes={
      Array [
        "en",
        "nb",
        "nn",
        "sv",
      ]
    }
  />,
  Symbol(enzyme.__renderer__): Object {
    "batchedUpdates": [Function],
    "getNode": [Function],
    "render": [Function],
    "simulateEvent": [Function],
    "unmount": [Function],
  },
  Symbol(enzyme.__node__): Object {
    "instance": null,
    "key": undefined,
    "nodeType": "class",
    "props": Object {
      "defaultLanguage": "en",
      "id": "testLanguagePicker",
      "languageCodes": Array [
        "en",
        "nb",
        "nn",
        "sv",
      ],
      "styles": [Function],
    },
    "ref": null,
    "rendered": null,
    "type": [Function],
  },
  Symbol(enzyme.__nodes__): Array [
    Object {
      "instance": null,
      "key": undefined,
      "nodeType": "class",
      "props": Object {
        "defaultLanguage": "en",
        "id": "testLanguagePicker",
        "languageCodes": Array [
          "en",
          "nb",
          "nn",
          "sv",
        ],
        "styles": [Function],
      },
      "ref": null,
      "rendered": null,
      "type": [Function],
    },
  ],
  Symbol(enzyme.__options__): Object {
    "adapter": ReactSixteenAdapter {
      "options": Object {
        "enableComponentDidUpdateOnSetState": true,
      },
    },
  },
}
`;
