// Jest Snapshot v1, https://goo.gl/fbAQLP

exports[`Label displays \`Foo\` as label 1`] = `
<label
  className="ms-Label root-41"
  required={false}
>
  Foo
</label>
`;
