// Jest Snapshot v1, https://goo.gl/fbAQLP

exports[`ListItem displays correctly 1`] = `
ShallowWrapper {
  Symbol(enzyme.__root__): [Circular],
  Symbol(enzyme.__unrendered__): <ListItem
    link="#"
  >
    Test title
  </ListItem>,
  Symbol(enzyme.__renderer__): Object {
    "batchedUpdates": [Function],
    "getNode": [Function],
    "render": [Function],
    "simulateError": [Function],
    "simulateEvent": [Function],
    "unmount": [Function],
  },
  Symbol(enzyme.__node__): Object {
    "instance": null,
    "key": undefined,
    "nodeType": "host",
    "props": Object {
      "children": <a
        className="css-19bj1hn undefined"
        href="#"
        onClick={undefined}
      >
        <div
          className="row"
        >
          <div
            className="col-xs-1"
          >
            <i
              className="css-1qbtcil undefined"
              style={undefined}
            />
          </div>
          <div
            className="col-xs-10"
          >
            <span>
              <span>
                Test title
              </span>
            </span>
          </div>
        </div>
      </a>,
      "className": "css-5od78n undefined",
    },
    "ref": null,
    "rendered": Object {
      "instance": null,
      "key": undefined,
      "nodeType": "host",
      "props": Object {
        "children": <div
          className="row"
        >
          <div
            className="col-xs-1"
          >
            <i
              className="css-1qbtcil undefined"
              style={undefined}
            />
          </div>
          <div
            className="col-xs-10"
          >
            <span>
              <span>
                Test title
              </span>
            </span>
          </div>
        </div>,
        "className": "css-19bj1hn undefined",
        "href": "#",
        "onClick": undefined,
      },
      "ref": null,
      "rendered": Object {
        "instance": null,
        "key": undefined,
        "nodeType": "host",
        "props": Object {
          "children": Array [
            <div
              className="col-xs-1"
            >
              <i
                className="css-1qbtcil undefined"
                style={undefined}
              />
            </div>,
            <div
              className="col-xs-10"
            >
              <span>
                <span>
                  Test title
                </span>
              </span>
            </div>,
          ],
          "className": "row",
        },
        "ref": null,
        "rendered": Array [
          Object {
            "instance": null,
            "key": undefined,
            "nodeType": "host",
            "props": Object {
              "children": <i
                className="css-1qbtcil undefined"
                style={undefined}
              />,
              "className": "col-xs-1",
            },
            "ref": null,
            "rendered": Object {
              "instance": null,
              "key": undefined,
              "nodeType": "host",
              "props": Object {
                "className": "css-1qbtcil undefined",
                "style": undefined,
              },
              "ref": null,
              "rendered": null,
              "type": "i",
            },
            "type": "div",
          },
          Object {
            "instance": null,
            "key": undefined,
            "nodeType": "host",
            "props": Object {
              "children": <span>
                <span>
                  Test title
                </span>
              </span>,
              "className": "col-xs-10",
            },
            "ref": null,
            "rendered": Object {
              "instance": null,
              "key": undefined,
              "nodeType": "host",
              "props": Object {
                "children": <span>
                  Test title
                </span>,
              },
              "ref": null,
              "rendered": Object {
                "instance": null,
                "key": undefined,
                "nodeType": "host",
                "props": Object {
                  "children": "Test title",
                },
                "ref": null,
                "rendered": "Test title",
                "type": "span",
              },
              "type": "span",
            },
            "type": "div",
          },
        ],
        "type": "div",
      },
      "type": "a",
    },
    "type": "li",
  },
  Symbol(enzyme.__nodes__): Array [
    Object {
      "instance": null,
      "key": undefined,
      "nodeType": "host",
      "props": Object {
        "children": <a
          className="css-19bj1hn undefined"
          href="#"
          onClick={undefined}
        >
          <div
            className="row"
          >
            <div
              className="col-xs-1"
            >
              <i
                className="css-1qbtcil undefined"
                style={undefined}
              />
            </div>
            <div
              className="col-xs-10"
            >
              <span>
                <span>
                  Test title
                </span>
              </span>
            </div>
          </div>
        </a>,
        "className": "css-5od78n undefined",
      },
      "ref": null,
      "rendered": Object {
        "instance": null,
        "key": undefined,
        "nodeType": "host",
        "props": Object {
          "children": <div
            className="row"
          >
            <div
              className="col-xs-1"
            >
              <i
                className="css-1qbtcil undefined"
                style={undefined}
              />
            </div>
            <div
              className="col-xs-10"
            >
              <span>
                <span>
                  Test title
                </span>
              </span>
            </div>
          </div>,
          "className": "css-19bj1hn undefined",
          "href": "#",
          "onClick": undefined,
        },
        "ref": null,
        "rendered": Object {
          "instance": null,
          "key": undefined,
          "nodeType": "host",
          "props": Object {
            "children": Array [
              <div
                className="col-xs-1"
              >
                <i
                  className="css-1qbtcil undefined"
                  style={undefined}
                />
              </div>,
              <div
                className="col-xs-10"
              >
                <span>
                  <span>
                    Test title
                  </span>
                </span>
              </div>,
            ],
            "className": "row",
          },
          "ref": null,
          "rendered": Array [
            Object {
              "instance": null,
              "key": undefined,
              "nodeType": "host",
              "props": Object {
                "children": <i
                  className="css-1qbtcil undefined"
                  style={undefined}
                />,
                "className": "col-xs-1",
              },
              "ref": null,
              "rendered": Object {
                "instance": null,
                "key": undefined,
                "nodeType": "host",
                "props": Object {
                  "className": "css-1qbtcil undefined",
                  "style": undefined,
                },
                "ref": null,
                "rendered": null,
                "type": "i",
              },
              "type": "div",
            },
            Object {
              "instance": null,
              "key": undefined,
              "nodeType": "host",
              "props": Object {
                "children": <span>
                  <span>
                    Test title
                  </span>
                </span>,
                "className": "col-xs-10",
              },
              "ref": null,
              "rendered": Object {
                "instance": null,
                "key": undefined,
                "nodeType": "host",
                "props": Object {
                  "children": <span>
                    Test title
                  </span>,
                },
                "ref": null,
                "rendered": Object {
                  "instance": null,
                  "key": undefined,
                  "nodeType": "host",
                  "props": Object {
                    "children": "Test title",
                  },
                  "ref": null,
                  "rendered": "Test title",
                  "type": "span",
                },
                "type": "span",
              },
              "type": "div",
            },
          ],
          "type": "div",
        },
        "type": "a",
      },
      "type": "li",
    },
  ],
  Symbol(enzyme.__options__): Object {
    "adapter": ReactSixteenAdapter {
      "options": Object {
        "enableComponentDidUpdateOnSetState": true,
        "lifecycles": Object {
          "componentDidUpdate": Object {
            "onSetState": true,
          },
          "getDerivedStateFromProps": true,
          "getSnapshotBeforeUpdate": true,
          "setState": Object {
            "skipsComponentDidUpdateOnNullish": true,
          },
        },
      },
    },
    "attachTo": undefined,
    "hydrateIn": undefined,
  },
}
`;
